// Jest Snapshot v1, https://goo.gl/fbAQLP

exports[`About component matches snapshot DOM mode structure 1`] = `
<DocumentFragment>
  <section
    class="my-5"
  >
    <img
      alt="cover"
      class="my-2"
      src="cover-image.jpg"
      style="width: 100%;"
    />
    <h1
      id="about"
    >
      Who am I?
    </h1>
  </section>
</DocumentFragment>
`;
